// Jest Snapshot v1, https://goo.gl/fbAQLP

exports[`should render Layout with item and children 1`] = `
<Container
  style={
    Object {
      "padding": "2em 0em",
    }
  }
>
  <SideEffect(Head)>
    <link
      href="//cdnjs.cloudflare.com/ajax/libs/semantic-ui/2.3.1/semantic.min.css"
      rel="stylesheet"
    />
  </SideEffect(Head)>
  <Header
    item="search"
  />
  <div
    className="children"
  />
  <Component />
</Container>
`;
